// Jest Snapshot v1, https://goo.gl/fbAQLP

exports[`HotelList matches snapshot 1`] = `
<div>
  <div>
    <div
      className="hotel-list"
    >
      <img
        className="photo"
        onError={[Function]}
        src="http://d2whcypojkzby.cloudfront.net/imageRepo/2/0/68/56/314/ExteriorCarsGone_S.jpg"
      />
      <div
        className="details"
      >
        <div
          className="hotel-name"
        >
          Omni Chicago Hotel & Suites Magnificent Mile
        </div>
        <div
          className="hotel-location"
        >
          Magnificent Mile
        </div>
      </div>
      <div
        className="price"
      >
        <table
          className="price-table"
        >
          <tbody>
            <tr>
              <td>
                Per night: 
              </td>
              <td
                className="price-per-night"
              >
                <p
                  dangerouslySetInnerHTML={
                    Object {
                      "__html": "&#36;",
                    }
                  }
                />
                579
              </td>
            </tr>
            <tr
              className="points-row"
            >
              <td>
                Points earned:
              </td>
              <td
                className="points-earned"
              >
                10000
              </td>
            </tr>
          </tbody>
        </table>
        <button
          className="btn hotel-btn"
        >
          Select Now
        </button>
      </div>
    </div>
    <div
      className="hotel-list"
    >
      <img
        className="photo"
        onError={[Function]}
        src="http://d2whcypojkzby.cloudfront.net/imageRepo/6/0/96/743/239/chidt-exterior-0227-hor-clsc_S.jpg"
      />
      <div
        className="details"
      >
        <div
          className="hotel-name"
        >
          Chicago Marriott Downtown Magnificent Mile
        </div>
        <div
          className="hotel-location"
        >
          Magnificent Mile
        </div>
      </div>
      <div
        className="price"
      >
        <table
          className="price-table"
        >
          <tbody>
            <tr>
              <td>
                Per night: 
              </td>
              <td
                className="price-per-night"
              >
                <p
                  dangerouslySetInnerHTML={
                    Object {
                      "__html": "&#36;",
                    }
                  }
                />
                234
              </td>
            </tr>
            <tr
              className="points-row"
            >
              <td>
                Points earned:
              </td>
              <td
                className="points-earned"
              >
                8000
              </td>
            </tr>
          </tbody>
        </table>
        <button
          className="btn hotel-btn"
        >
          Select Now
        </button>
      </div>
    </div>
    <div
      className="hotel-list"
    >
      <img
        className="photo"
        onError={[Function]}
        src="http://d2whcypojkzby.cloudfront.net/imageRepo/1/0/16/99/327/012857_A_P.jpg"
      />
      <div
        className="details"
      >
        <div
          className="hotel-name"
        >
          Homewood Suites by Hilton Chicago-Lincolnshire
        </div>
        <div
          className="hotel-location"
        >
          Lincolnshire
        </div>
      </div>
      <div
        className="price"
      >
        <table
          className="price-table"
        >
          <tbody>
            <tr>
              <td>
                Per night: 
              </td>
              <td
                className="price-per-night"
              >
                <p
                  dangerouslySetInnerHTML={
                    Object {
                      "__html": "&#36;",
                    }
                  }
                />
                123
              </td>
            </tr>
            <tr
              className="points-row"
            >
              <td>
                Points earned:
              </td>
              <td
                className="points-earned"
              >
                12000
              </td>
            </tr>
          </tbody>
        </table>
        <button
          className="btn hotel-btn"
        >
          Select Now
        </button>
      </div>
    </div>
  </div>
  <div />
</div>
`;
