// Jest Snapshot v1, https://goo.gl/fbAQLP

exports[`Search matches snapshot 1`] = `
<div
  className="filters"
>
  <label
    htmlFor="propertySearch"
  >
    Search properties
  </label>
  <input
    id="propertySearch"
    onKeyUp={[Function]}
    placeholder="Property name"
    type="text"
  />
  <button
    className="btn"
  >
    Price Low-to-High
  </button>
</div>
`;
